\BOOKMARK [1][]{section.1}{\376\377\116\000\060\001\000\040\225\356\230\230\221\315\217\360}{}% 1
\BOOKMARK [1][]{section.2}{\376\377\116\214\060\001\000\040\225\356\230\230\122\006\147\220}{}% 2
\BOOKMARK [2][]{subsection.2.1}{\376\377\0002\000.\0001\000\040\225\356\230\230\116\000\166\204\122\006\147\220}{section.2}% 3
\BOOKMARK [2][]{subsection.2.2}{\376\377\0002\000.\0002\000\040\225\356\230\230\116\214\166\204\122\006\147\220}{section.2}% 4
\BOOKMARK [2][]{subsection.2.3}{\376\377\0002\000.\0003\000\040\225\356\230\230\116\011\166\204\122\006\147\220}{section.2}% 5
\BOOKMARK [2][]{subsection.2.4}{\376\377\0002\000.\0004\000\040\225\356\230\230\126\333\166\204\122\006\147\220}{section.2}% 6
\BOOKMARK [1][]{section.3}{\376\377\116\011\060\001\000\040\152\041\127\213\120\107\213\276}{}% 7
\BOOKMARK [1][]{section.4}{\376\377\126\333\060\001\000\040\173\046\123\367\213\364\146\016}{}% 8
\BOOKMARK [1][]{section.5}{\376\377\116\224\060\001\000\040\152\041\127\213\166\204\136\372\172\313\116\016\154\102\211\343}{}% 9
\BOOKMARK [2][]{subsection.5.1}{\376\377\0005\000.\0001\000\040\116\011\176\364\145\313\137\213\121\340\117\125\172\172\225\364\146\040\134\004\152\041\127\213}{section.5}% 10
\BOOKMARK [2][]{subsection.5.2}{\376\377\0005\000.\0002\000\040\145\160\143\156\230\204\131\004\164\006\377\032\137\122\116\000\123\026\116\016\176\364\136\246\122\240\147\103}{section.5}% 11
\BOOKMARK [2][]{subsection.5.3}{\376\377\0005\000.\0003\000\040\145\160\143\156\156\005\155\027\377\032\116\011\220\123\215\050\221\317\226\062\176\277}{section.5}% 12
\BOOKMARK [2][]{subsection.5.4}{\376\377\0005\000.\0004\000\040\000H\000a\000u\000s\000d\000o\000r\000f\000f\000\040\215\335\171\273\136\246\221\317\145\317}{section.5}% 13
\BOOKMARK [2][]{subsection.5.5}{\376\377\0005\000.\0005\000\040\215\335\171\273\167\351\226\065\147\204\136\372\116\016\130\236\221\317\142\151\134\125}{section.5}% 14
\BOOKMARK [2][]{subsection.5.6}{\376\377\0005\000.\0006\000\040\226\115\176\364\060\001\200\132\174\173\116\016\122\006\174\173\152\041\127\213}{section.5}% 15
\BOOKMARK [2][]{subsection.5.7}{\376\377\0005\000.\0007\000\040\152\041\127\213\154\102\211\343\145\271\154\325}{section.5}% 16
\BOOKMARK [2][]{subsection.5.8}{\376\377\0005\000.\0008\000\040\174\173\121\205\116\000\201\364\140\047\230\204\150\300\232\214}{section.5}% 17
\BOOKMARK [2][]{subsection.5.9}{\376\377\0005\000.\0009\000\040\215\335\171\273\136\246\221\317\166\204\123\330\143\142\116\015\123\330\140\047\232\214\213\301}{section.5}% 18
\BOOKMARK [1][]{section.6}{\376\377\121\155\060\001\000\040\174\373\176\337\133\236\163\260}{}% 19
\BOOKMARK [1][]{section.7}{\376\377\116\003\060\001\000\040\152\041\127\213\176\323\147\234\116\016\122\006\147\220\213\304\116\367}{}% 20
\BOOKMARK [2][]{subsection.7.1}{\376\377\0007\000.\0001\000\040\145\160\143\156\226\306\116\016\133\236\232\214\213\276\177\156}{section.7}% 21
\BOOKMARK [2][]{subsection.7.2}{\376\377\0007\000.\0002\000\040\225\356\230\230\116\000\377\032\000H\000a\000u\000s\000d\000o\000r\000f\000f\000\040\215\335\171\273\200\375\124\046\123\072\122\006\116\015\124\014\146\362\230\316\377\037}{section.7}% 22
\BOOKMARK [2][]{subsection.7.3}{\376\377\0007\000.\0003\000\040\225\356\230\230\116\214\377\032\116\011\176\364\136\246\116\055\124\352\116\052\215\041\163\056\147\000\131\047\377\037}{section.7}% 23
\BOOKMARK [2][]{subsection.7.4}{\376\377\0007\000.\0004\000\040\225\356\230\230\116\011\377\032\124\352\171\315\215\335\171\273\136\246\221\317\147\000\117\030\377\037}{section.7}% 24
\BOOKMARK [2][]{subsection.7.5}{\376\377\0007\000.\0005\000\040\225\356\230\230\126\333\377\032\000M\000D\000S\000\040\123\357\211\306\123\026\116\055\146\057\124\046\137\142\142\020\201\352\161\066\200\132\174\173\377\037}{section.7}% 25
\BOOKMARK [2][]{subsection.7.6}{\376\377\0007\000.\0006\000\040\200\132\174\173\215\050\221\317\213\304\117\060}{section.7}% 26
\BOOKMARK [2][]{subsection.7.7}{\376\377\0007\000.\0007\000\040\152\041\127\213\117\030\160\271}{section.7}% 27
\BOOKMARK [2][]{subsection.7.8}{\376\377\0007\000.\0008\000\040\152\041\127\213\134\100\226\120}{section.7}% 28
\BOOKMARK [2][]{subsection.7.9}{\376\377\0007\000.\0009\000\040\152\041\127\213\145\071\217\333\145\271\124\021}{section.7}% 29
\BOOKMARK [1][]{section*.19}{\376\377\123\302\200\003\145\207\163\056}{}% 30
\BOOKMARK [1][]{appendix.1.A}{\376\377\226\104\137\125\000\040\000A\000\040\145\160\143\156\156\005\155\027\122\124\226\144\213\260\137\125}{}% 31
\BOOKMARK [1][]{appendix.1.B}{\376\377\226\104\137\125\000\040\000B\000\040\000M\000H\000D\000\040\215\335\171\273\213\241\173\227\150\070\137\303\116\343\170\001}{}% 32
\BOOKMARK [1][]{appendix.1.C}{\376\377\226\104\137\125\000\040\000C\000\040\174\373\176\337\217\320\210\114\163\257\130\203}{}% 33
\BOOKMARK [1][]{appendix.1.D}{\376\377\226\104\137\125\000\040\000D\000\040\174\373\176\337\122\237\200\375\134\125\171\072}{}% 34
\BOOKMARK [2][]{subsection.1.D.1}{\376\377\0004\000.\0001\000\040\116\011\176\364\145\313\137\213\146\362\176\277\123\340\122\240\211\306\126\376}{appendix.1.D}% 35
\BOOKMARK [2][]{subsection.1.D.2}{\376\377\0004\000.\0002\000\040\123\357\211\306\123\026\122\006\147\220\227\142\147\177}{appendix.1.D}% 36
